════════════════════════════════════════════════════════
  2-Body Earth-Moon EKF (N-body propagation)
  Observer: lat= 40.0000 lon=  0.0000
════════════════════════════════════════════════════════

  State vector: x = [e, i, Omega, omega, M0, mu, a]
    e     = eccentricity of Moon orbit
    i     = inclination of Moon orbit to equator (deg)
    Omega = longitude of ascending node (deg)
    omega = argument of periapsis (deg)
    M0    = mean anomaly at epoch (deg)
    mu    = GM_earth + GM_moon (km^3/s^2)
    a     = semi-major axis of Moon orbit (km)

  Key: Moon parallax from Earth surface is ~57 arcmin.
  This directly constrains the distance a, breaking
  the mu-a degeneracy that exists for the distant Sun.
  Loaded   3017 Moon observations
  Round-trip error:  6.063E-10 km

  True Keplerian elements (J2000 equatorial):
    e     =   0.03924085
    i     =   28.44636 deg (obliquity)
    Omega =    0.08399 deg
    omega =    7.64162 deg
    M0    =  294.96134 deg
    mu    =   4.035032355731E+05 km^3/s^2
    a     =     386386.4 km

  ══════ Iteration  1 /  5

  Perturbed initial guess:
    e     =   0.04708902  (  20.0%)
    i     =   30.44636 deg  (delta   2.00 deg)
    Omega =    5.08399 deg  (delta   5.00 deg)
    omega =   12.64162 deg  (delta   5.00 deg)
    M0    =  297.96134 deg  (delta   3.00 deg)
    mu    =   4.055207517510E+05  ( 0.500%)
    a     =     772772.8 km  (******%)

  Initial 1-sigma uncertainties:
    sigma_e     =   0.005000
    sigma_i     =   3.0000 deg
    sigma_Omega =   8.0000 deg
    sigma_omega =   8.0000 deg
    sigma_M0    =   5.0000 deg
    sigma_mu    =  4.035E+03  ( 1.000%)
    sigma_a     =  3.864E+03  ( 1.000%)
    sigma_obs   =   60.0 arcsec (measurement noise, alt & az)

  Running EKF...

  Column definitions:
    Obs#     = observation number (cumulative)
    cumRMSa" = cumulative RMS of altitude residuals (arcsec)
    cumRMSz" = cumulative RMS of azimuth residuals (arcsec)
    winRMSa" = windowed RMS of altitude residuals, last 200 obs (arcsec)
    winRMSz" = windowed RMS of azimuth residuals, last 200 obs (arcsec)
    e_err%   = relative error in eccentricity vs true (%)
    i_err(d) = error in inclination vs true (degrees)
    mu_err%  = relative error in mu vs true (%)
    a_err%   = relative error in semi-major axis vs true (%)
  ──────────────────────────────────────────────────────────────────────────
   Obs#  cumRMSa" cumRMSz"  winRMSa"  winRMSz"  e_err%   i_err(d) mu_err%  a_err%
      1   28553.1   30826.4   28553.1   30826.4  20.4491   1.05296   0.500 100.000
    200    3566.2    5093.6    2939.6    4603.6 -74.2352   0.06030  27.580  13.977
    400    2556.1    3664.7     591.4     956.8 -13.5240   0.13886  24.697   9.244
    600    2095.2    3002.3     319.1     424.9  42.4075   0.24469  21.376   7.549
    800    1818.7    2604.5     248.4     306.3  92.9085   0.22763  18.485   6.481
   1000    1632.0    2334.0     295.0     321.8  98.7733   0.13942  16.847   5.956
   1200    1495.0    2133.8     304.9     282.6  56.5342   0.08910  15.597   5.591
   1400    1389.1    1978.5     311.5     288.4  13.8178  -0.00968  14.557   5.254
   1600    1303.3    1854.3     286.0     324.6  -6.2020   0.01278  13.923   5.007
   1800    1230.8    1749.9     209.8     228.9  14.5686   0.11981  13.472   4.817
   2000    1170.1    1666.1     239.0     448.4  13.4190   0.15622  13.457   4.671
   2200    1118.9    1595.3     282.5     485.1  20.3933   0.18082  13.653   4.581
   2400    1073.5    1530.3     239.6     327.2  58.5138   0.08699  13.769   4.532
   2600    1032.6    1471.7     182.7     233.8  95.0490  -0.07125  13.676   4.506
   2800     997.1    1419.7     240.8     244.4  83.5397  -0.21051  13.530   4.495
   3000     966.4    1375.0     299.7     375.5  39.4359  -0.21204  13.350   4.484
   3017     963.8    1371.1      53.3      51.8  49.6889  -0.20795  13.335   4.478
  Iter  1 done:  mu_err=  13.335%  a_err=   4.478%

  ══════ Iteration  2 /  5

  Perturbed initial guess:
    e     =   0.05873918  (  49.7%)
    i     =   28.23841 deg  (delta  -0.21 deg)
    Omega =  356.41709 deg  (delta 356.33 deg)
    omega =   61.17783 deg  (delta  53.54 deg)
    M0    =  288.43191 deg  (delta  -6.53 deg)
    mu    =   4.573104174758E+05  (13.335%)
    a     =     403689.4 km  ( 4.478%)

  Initial 1-sigma uncertainties:
    sigma_e     =   0.005000
    sigma_i     =   3.0000 deg
    sigma_Omega =   8.0000 deg
    sigma_omega =   8.0000 deg
    sigma_M0    =   5.0000 deg
    sigma_mu    =  4.035E+03  ( 1.000%)
    sigma_a     =  3.864E+03  ( 1.000%)
    sigma_obs   =   60.0 arcsec (measurement noise, alt & az)

  Running EKF...

  Column definitions:
    Obs#     = observation number (cumulative)
    cumRMSa" = cumulative RMS of altitude residuals (arcsec)
    cumRMSz" = cumulative RMS of azimuth residuals (arcsec)
    winRMSa" = windowed RMS of altitude residuals, last 200 obs (arcsec)
    winRMSz" = windowed RMS of azimuth residuals, last 200 obs (arcsec)
    e_err%   = relative error in eccentricity vs true (%)
    i_err(d) = error in inclination vs true (degrees)
    mu_err%  = relative error in mu vs true (%)
    a_err%   = relative error in semi-major axis vs true (%)
  ──────────────────────────────────────────────────────────────────────────
   Obs#  cumRMSa" cumRMSz"  winRMSa"  winRMSz"  e_err%   i_err(d) mu_err%  a_err%
      1   63648.2  136689.6   63648.2  136689.6  52.5275   1.31088  13.335   4.475
    200    4609.3    9709.9     995.2     928.4   8.8257   0.08357  10.599   5.430
    400    3268.9    6874.8     354.3     492.0  13.0571   0.14955   9.849   2.964
    600    2672.3    5615.8     226.9     294.7  22.8937   0.26457   8.834   2.126
    800    2315.3    4864.1     136.6     159.0  61.6876   0.24849   7.609   1.795
   1000    2072.5    4351.8     187.0     233.7  81.2722   0.14351   6.687   1.694
   1200    1894.1    3974.3     219.9     281.9  48.0119   0.04366   5.895   1.608
   1400    1755.7    3681.2     231.7     293.8  21.3592  -0.05024   5.335   1.520
   1600    1644.1    3444.3     212.9     219.0  21.9584  -0.01439   5.066   1.424
   1800    1551.0    3247.8     164.5     174.4  25.3028   0.09515   4.752   1.355
   2000    1472.1    3082.0     140.6     222.7  12.1748   0.14126   4.735   1.296
   2200    1404.5    2939.6     167.3     261.3  15.2992   0.17652   4.835   1.266
   2400    1345.4    2814.9     144.9     181.3  53.5653   0.09066   4.855   1.259
   2600    1293.5    2705.5     177.1     271.6  87.9781  -0.06554   4.719   1.264
   2800    1248.3    2608.4     251.3     303.7  72.7075  -0.19764   4.541   1.272
   3000    1208.7    2522.8     314.5     462.4  29.6170  -0.23128   4.358   1.280
   3017    1205.3    2515.7      47.0      46.3  38.8634  -0.21007   4.351   1.277
  Iter  2 done:  mu_err=   4.351%  a_err=   1.277%

  ══════ Iteration  3 /  5

  Perturbed initial guess:
    e     =   0.05449117  (  38.9%)
    i     =   28.23629 deg  (delta  -0.21 deg)
    Omega =  356.36499 deg  (delta 356.28 deg)
    omega =   56.93048 deg  (delta  49.29 deg)
    M0    =  266.67822 deg  (delta -28.28 deg)
    mu    =   4.210581308231E+05  ( 4.351%)
    a     =     391320.6 km  ( 1.277%)

  Initial 1-sigma uncertainties:
    sigma_e     =   0.005000
    sigma_i     =   3.0000 deg
    sigma_Omega =   8.0000 deg
    sigma_omega =   8.0000 deg
    sigma_M0    =   5.0000 deg
    sigma_mu    =  4.035E+03  ( 1.000%)
    sigma_a     =  3.864E+03  ( 1.000%)
    sigma_obs   =   60.0 arcsec (measurement noise, alt & az)

  Running EKF...

  Column definitions:
    Obs#     = observation number (cumulative)
    cumRMSa" = cumulative RMS of altitude residuals (arcsec)
    cumRMSz" = cumulative RMS of azimuth residuals (arcsec)
    winRMSa" = windowed RMS of altitude residuals, last 200 obs (arcsec)
    winRMSz" = windowed RMS of azimuth residuals, last 200 obs (arcsec)
    e_err%   = relative error in eccentricity vs true (%)
    i_err(d) = error in inclination vs true (degrees)
    mu_err%  = relative error in mu vs true (%)
    a_err%   = relative error in semi-major axis vs true (%)
  ──────────────────────────────────────────────────────────────────────────
   Obs#  cumRMSa" cumRMSz"  winRMSa"  winRMSz"  e_err%   i_err(d) mu_err%  a_err%
      1   23209.0   51688.5   23209.0   51688.5  40.0338   1.93210   4.351   1.275
    200    1651.4    3658.3     184.2     156.3  25.1231   0.06517   3.343   1.171
    400    1177.5    2594.0     214.0     273.1  15.5041   0.16076   3.298   0.500
    600     966.3    2120.6     167.4     181.0  28.7590   0.27492   2.930   0.262
    800     840.2    1838.2     151.1     162.0  67.3616   0.25430   2.358   0.210
   1000     757.5    1648.4     211.8     264.0  83.7725   0.14601   1.858   0.237
   1200     697.8    1509.6     229.5     294.4  48.5142   0.03019   1.351   0.231
   1400     652.7    1402.5     246.1     309.6  20.4650  -0.06029   1.060   0.220
   1600     615.7    1314.5     225.2     234.5  21.2317  -0.02377   0.977   0.174
   1800     583.2    1240.8     168.0     179.2  24.2847   0.08632   0.794   0.141
   2000     554.9    1179.2     136.8     222.8  11.9071   0.13759   0.864   0.102
   2200     531.4    1127.1     164.5     262.1  15.2490   0.17502   1.021   0.083
   2400     510.5    1080.3     142.5     178.0  52.9354   0.09195   1.081   0.082
   2600     492.8    1040.6     172.1     268.8  87.3243  -0.06288   0.981   0.092
   2800     479.3    1005.9     244.6     298.0  71.7086  -0.19069   0.829   0.104
   3000     469.7     979.1     305.1     462.3  28.5211  -0.23446   0.672   0.117
   3017     468.5     976.4      46.0      47.3  37.6861  -0.20843   0.668   0.115
  Iter  3 done:  mu_err=   0.668%  a_err=   0.115%

  ══════ Iteration  4 /  5

  Perturbed initial guess:
    e     =   0.05402918  (  37.7%)
    i     =   28.23793 deg  (delta  -0.21 deg)
    Omega =  356.35544 deg  (delta 356.27 deg)
    omega =   57.25972 deg  (delta  49.62 deg)
    M0    =  269.53484 deg  (delta -25.43 deg)
    mu    =   4.061995278752E+05  ( 0.668%)
    a     =     386831.0 km  ( 0.115%)

  Initial 1-sigma uncertainties:
    sigma_e     =   0.005000
    sigma_i     =   3.0000 deg
    sigma_Omega =   8.0000 deg
    sigma_omega =   8.0000 deg
    sigma_M0    =   5.0000 deg
    sigma_mu    =  4.035E+03  ( 1.000%)
    sigma_a     =  3.864E+03  ( 1.000%)
    sigma_obs   =   60.0 arcsec (measurement noise, alt & az)

  Running EKF...

  Column definitions:
    Obs#     = observation number (cumulative)
    cumRMSa" = cumulative RMS of altitude residuals (arcsec)
    cumRMSz" = cumulative RMS of azimuth residuals (arcsec)
    winRMSa" = windowed RMS of altitude residuals, last 200 obs (arcsec)
    winRMSz" = windowed RMS of azimuth residuals, last 200 obs (arcsec)
    e_err%   = relative error in eccentricity vs true (%)
    i_err(d) = error in inclination vs true (degrees)
    mu_err%  = relative error in mu vs true (%)
    a_err%   = relative error in semi-major axis vs true (%)
  ──────────────────────────────────────────────────────────────────────────
   Obs#  cumRMSa" cumRMSz"  winRMSa"  winRMSz"  e_err%   i_err(d) mu_err%  a_err%
      1   28596.4   61947.5   28596.4   61947.5  39.1012   2.07850   0.668   0.113
    200    2031.5    4383.7     195.4     172.4  23.4708   0.06477   0.311   0.320
    400    1444.9    3106.0     219.9     277.5  15.2446   0.16436   0.766  -0.269
    600    1183.7    2538.1     168.4     179.2  29.0645   0.27857   0.779  -0.404
    800    1027.9    2199.5     149.9     158.2  67.6789   0.25695   0.505  -0.369
   1000     924.2    1970.8     211.6     263.5  84.0720   0.14700   0.176  -0.295
   1200     848.8    1803.1     227.5     293.3  48.7953   0.02549  -0.218  -0.270
   1400     791.3    1673.5     246.7     311.7  20.4548  -0.06381  -0.413  -0.253
   1600     744.6    1567.7     227.0     238.3  21.1153  -0.02714  -0.436  -0.280
   1800     704.2    1479.2     168.8     181.5  24.1083   0.08311  -0.574  -0.301
   2000     669.5    1405.1     135.9     222.9  11.8477   0.13606  -0.480  -0.332
   2200     640.2    1342.0     164.1     262.0  15.0770   0.17438  -0.309  -0.347
   2400     614.4    1285.9     142.5     177.2  52.5234   0.09239  -0.237  -0.345
   2600     592.2    1237.7     171.5     269.2  86.9423  -0.06192  -0.325  -0.333
   2800     574.3    1195.4     243.4     297.9  71.1785  -0.18822  -0.467  -0.320
   3000     560.3    1161.0     302.8     464.2  27.9673  -0.23585  -0.613  -0.305
   3017     558.9    1157.8      45.7      48.0  37.0816  -0.20796  -0.616  -0.307
  Iter  4 done:  mu_err=  -0.616%  a_err=  -0.307%

  ══════ Iteration  5 /  5

  Perturbed initial guess:
    e     =   0.05379199  (  37.1%)
    i     =   28.23840 deg  (delta  -0.21 deg)
    Omega =  356.35137 deg  (delta 356.27 deg)
    omega =   57.28640 deg  (delta  49.64 deg)
    M0    =  269.91155 deg  (delta -25.05 deg)
    mu    =   4.010180879061E+05  (-0.616%)
    a     =     385200.1 km  (-0.307%)

  Initial 1-sigma uncertainties:
    sigma_e     =   0.005000
    sigma_i     =   3.0000 deg
    sigma_Omega =   8.0000 deg
    sigma_omega =   8.0000 deg
    sigma_M0    =   5.0000 deg
    sigma_mu    =  4.035E+03  ( 1.000%)
    sigma_a     =  3.864E+03  ( 1.000%)
    sigma_obs   =   60.0 arcsec (measurement noise, alt & az)

  Running EKF...

  Column definitions:
    Obs#     = observation number (cumulative)
    cumRMSa" = cumulative RMS of altitude residuals (arcsec)
    cumRMSz" = cumulative RMS of azimuth residuals (arcsec)
    winRMSa" = windowed RMS of altitude residuals, last 200 obs (arcsec)
    winRMSz" = windowed RMS of azimuth residuals, last 200 obs (arcsec)
    e_err%   = relative error in eccentricity vs true (%)
    i_err(d) = error in inclination vs true (degrees)
    mu_err%  = relative error in mu vs true (%)
    a_err%   = relative error in semi-major axis vs true (%)
  ──────────────────────────────────────────────────────────────────────────
   Obs#  cumRMSa" cumRMSz"  winRMSa"  winRMSz"  e_err%   i_err(d) mu_err%  a_err%
      1   29312.1   63313.2   29312.1   63313.2  38.5291   2.09270  -0.616  -0.310
    200    2082.1    4480.5     198.1     179.1  23.0374   0.06449  -0.731   0.009
    400    1480.6    3174.3     221.8     278.6  15.1665   0.16562  -0.100  -0.537
    600    1212.8    2593.9     169.0     178.7  29.1843   0.27984   0.045  -0.633
    800    1053.0    2247.7     149.9     157.4  67.8027   0.25787  -0.127  -0.568
   1000     946.6    2013.9     211.8     263.6  84.1790   0.14735  -0.399  -0.478
   1200     869.1    1842.3     226.9     293.0  48.8917   0.02386  -0.755  -0.443
   1400     810.0    1709.7     247.0     312.5  20.4490  -0.06503  -0.917  -0.415
   1600     762.0    1601.5     227.7     239.7  21.0745  -0.02831  -0.921  -0.436
   1800     720.6    1511.2     169.2     182.4  24.0467   0.08199  -1.043  -0.453
   2000     685.0    1435.4     135.7     223.0  11.8275   0.13552  -0.940  -0.481
   2200     655.0    1370.8     164.0     262.1  15.0165   0.17415  -0.765  -0.495
   2400     628.4    1313.5     142.6     177.1  52.3793   0.09254  -0.689  -0.492
   2600     605.6    1264.2     171.3     269.5  86.8092  -0.06159  -0.773  -0.479
   2800     587.2    1220.8     243.0     297.9  70.9946  -0.18737  -0.911  -0.466
   3000     572.6    1185.5     302.1     464.9  27.7758  -0.23633  -1.054  -0.451
   3017     571.1    1182.2      45.7      48.4  36.8724  -0.20780  -1.057  -0.453
  Iter  5 done:  mu_err=  -1.057%  a_err=  -0.453%

════════════════════════════════════════════════════════
  FINAL ESTIMATES
════════════════════════════════════════════════════════
  Parameter   Estimated         True            Error
  ─────────────────────────────────────────────────────
  e         0.05370990      0.03924085     36.8724%
  i         28.23857 deg    28.44636 deg   -0.2078 deg
  Omega    356.34996 deg     0.08399 deg   -3.7340 deg
  omega     57.29652 deg     7.64162 deg   49.6549 deg
  M0       270.04710 deg   294.96134 deg  -24.9142 deg
  mu        3.992399319672E+05
  mu_true   4.035032355731E+05  err:  -1.0566%
  a           384637.5 km  true:     386386.4 km  err:  -0.4526%

  Derived quantities:
    Obliquity  =   28.23857 deg  (true:   28.44636 deg)
    Period     =       27.455 days
    (true)     =       27.496 days

  1-sigma uncertainties (from covariance):
    sigma_e     =  3.045E-03
    sigma_i     =   0.0260 deg
    sigma_Omega =   0.1384 deg
    sigma_omega =   1.1782 deg
    sigma_M0    =   2.4546 deg
    sigma_mu    =  3.670E+02  ( 0.09193%)
    sigma_a     =  6.422E+01  ( 0.01670%)

  Correlation matrix:
            e       i       Omega   omega   M0      mu      a    
  e      1.0000 -0.0996 -0.1527  0.0149  0.0355 -0.0391  0.0565
  i     -0.0996  1.0000  0.9515 -0.0350  0.0006  0.0034  0.0569
  Omega -0.1527  0.9515  1.0000 -0.0446  0.0006 -0.0287 -0.0083
  omega  0.0149 -0.0350 -0.0446  1.0000 -0.0736 -0.2837  0.2099
  M0     0.0355  0.0006  0.0006 -0.0736  1.0000 -0.8187  0.4845
  mu    -0.0391  0.0034 -0.0287 -0.2837 -0.8187  1.0000 -0.0988
  a      0.0565  0.0569 -0.0083  0.2099  0.4845 -0.0988  1.0000

  Note: "True" elements are osculating at epoch. The EKF
  estimates best-fit MEAN elements over the full arc.
  The e difference (~5%) is expected: planetary perturbations
  make the osculating e vary over the year.
════════════════════════════════════════════════════════
