════════════════════════════════════════════════════════
  3-Body Sun-Earth-Moon EKF
  Observer: lat= 40.0000 lon=  0.0000
════════════════════════════════════════════════════════

  State vector (14 parameters):
  ── Earth orbit x(1:7) ──
    e_E   = eccentricity of Earth orbit
    i_E   = inclination to equator (obliquity ~23.44 deg)
    Om_E  = longitude of ascending node
    w_E   = argument of periapsis
    M0_E  = mean anomaly at epoch
    mu_SE = GM_sun + GM_earth (km^3/s^2)
    a_E   = semi-major axis of Earth orbit (km)
  ── Moon orbit x(8:14) ──
    e_M   = eccentricity of Moon orbit
    i_M   = inclination to equator (~28.5 deg from ecliptic)
    Om_M  = longitude of ascending node
    w_M   = argument of periapsis
    M0_M  = mean anomaly at epoch
    mu_EM = GM_earth + GM_moon (km^3/s^2)
    a_M   = semi-major axis of Moon orbit (km)
  Loaded   2934 Sun +  3017 Moon observations
  Earth round-trip error:  5.852E-07 km
  Moon  round-trip error:  6.056E-10 km

  True Keplerian elements (J2000 equatorial):
  ── Earth orbit ──
    e_E   =   0.01754742
    i_E   =   23.43639 deg
    Om_E  =  359.99834 deg
    w_E   =  103.24898 deg
    M0_E  =  357.62352 deg
    mu_SE =   1.327128386417E+11 km^3/s^2
    a_E   =  149731983.2 km
  ── Moon orbit ──
    e_M   =   0.03943456
    i_M   =   28.44580 deg
    Om_M  =    0.08623 deg
    w_M   =    7.51659 deg
    M0_M  =  294.25426 deg
    mu_EM =   4.035032355731E+05 km^3/s^2
    a_M   =     386448.2 km

  Perturbed initial guess:
  ── Earth ──
    e_E   =   0.02105690  (  20.0%)
    i_E   =   25.43639 deg  (delta   2.00 deg)
    Om_E  =  364.99834 deg  (delta   5.00 deg)
    w_E   =  108.24898 deg  (delta   5.00 deg)
    M0_E  =  360.62352 deg  (delta   3.00 deg)
    mu_SE =   1.333764028349E+11  ( 0.500%)
    a_E   =  164705181.6 km  ( 10.000%)
  ── Moon ──
    e_M   =   0.04732147  (  20.0%)
    i_M   =   30.44580 deg  (delta   2.00 deg)
    Om_M  =    5.08623 deg  (delta   5.00 deg)
    w_M   =   12.51659 deg  (delta   5.00 deg)
    M0_M  =  297.25426 deg  (delta   3.00 deg)
    mu_EM =   4.055207517510E+05  ( 0.500%)
    a_M   =     425093.1 km  ( 10.000%)

  ══════ Iteration  1 /  5

  Joint fit: all observations, all parameters
  ──────────────────────────────────────────────────────────────────────────
   Obs#  winRMS_a" winRMS_z"  e_E_err%  muSE_err%  aE_err%   e_M_err%  muEM_err%  aM_err%
      1   36827.1   28442.8   19.9856    0.5008   10.0008   20.0000    0.5000   10.0000
    200    2118.7    2157.6   65.9894   -3.8781    0.2622    4.8984   -8.2625   -2.6195
    400      58.0      57.0   93.1245   -3.5601    0.9905   -0.0217   -5.9905   -2.0366
    600      54.1      26.4   31.7559    0.9576    1.0201   -0.2776   -5.2329   -1.7836
    800      49.1      24.8   -0.8573    1.5518    0.4505   -0.2531   -4.9548   -1.6847
   1000      42.4      37.0   -8.9928   -3.1147   -1.3322   -0.2593   -4.7059   -1.5961
   1200      41.5      18.8   -8.4951   -4.0605   -1.6463   -0.2580   -4.4820   -1.5189
   1400      42.7      34.7   -4.4005   -3.7250   -1.4425   -0.2154   -4.3192   -1.4627
   1600      32.8      27.3   -1.7856   -2.8157   -1.0725   -0.2267   -4.0401   -1.3668
   1800      42.4      32.3   -1.0869   -2.4663   -0.9387   -0.1805   -3.8086   -1.2873
   2000      28.3      24.6   -0.7322   -2.2474   -0.8562   -0.1805   -3.6529   -1.2339
   2200      37.1      25.0   -0.3938   -2.0754   -0.7915   -0.1665   -3.5705   -1.2056
   2400      34.3      43.1   -0.1876   -1.9532   -0.7470   -0.1402   -3.4527   -1.1651
   2600      31.4      26.7    0.0904   -1.8460   -0.7054   -0.1440   -3.3970   -1.1461
   2800      42.1      54.1    0.3102   -1.6844   -0.6443   -0.1092   -3.3245   -1.1212
   3000      33.4      47.1    0.3470   -1.2887   -0.5021   -0.1068   -3.2624   -1.1000
   3200      42.0      52.9    0.1133   -0.4323   -0.1990   -0.0734   -3.2527   -1.0968
   3400      38.2      56.7   -0.2682    0.5514    0.1412   -0.0586   -3.2557   -1.0979
   3600      35.3      33.0   -0.5337    1.0311    0.3100   -0.0440   -3.2732   -1.1040
   3800      42.6      62.2   -0.8585    1.4594    0.4613   -0.0215   -3.3315   -1.1239
   4000      36.4      42.8   -1.1359    1.6967    0.5485   -0.0155   -3.3609   -1.1340
   4200      42.1      50.9   -1.4280    1.7821    0.5862    0.0118   -3.4118   -1.1515
   4400      41.5      52.9   -1.6783    1.8327    0.6101    0.0122   -3.5076   -1.1842
   4600      36.8      31.5   -1.8368    1.7626    0.5924    0.0286   -3.5330   -1.1929
   4800      37.5      47.7   -1.9211    1.7369    0.5864    0.0288   -3.6360   -1.2280
   5000      30.1      15.2   -1.9572    1.7043    0.5768    0.0337   -3.6443   -1.2309
   5200      35.9      45.9   -1.9061    1.6814    0.5685    0.0333   -3.7193   -1.2564
   5400      29.9      15.5   -1.8580    1.6890    0.5701    0.0305   -3.7188   -1.2562
   5600      39.4      53.3   -1.7194    1.6385    0.5517    0.0277   -3.7786   -1.2765
   5800      33.0      26.5   -1.6212    1.6305    0.5476    0.0212   -3.7774   -1.2761
   5951      34.8      43.7   -1.5050    1.5729    0.5275    0.0212   -3.7974   -1.2829

  ── Iteration  1 summary ──
    Earth:  mu_SE err=   1.5729%   a_E err=   0.5275%
    Moon:   mu_EM err=  -3.7974%   a_M err=  -1.2829%

  ══════ Iteration  2 /  5

  Joint fit: all observations, all parameters
  ──────────────────────────────────────────────────────────────────────────
   Obs#  winRMS_a" winRMS_z"  e_E_err%  muSE_err%  aE_err%   e_M_err%  muEM_err%  aM_err%
      1      48.3      55.6   -1.5049    1.5729    0.5275    0.0212   -3.7974   -1.2829
    200       3.8      10.0   -2.4514    3.0625    0.9542   -0.0668   -0.1927   -0.0616
    400       4.6       8.4    5.8911    2.4053    0.9316   -0.1313    0.4133    0.1376
    600       3.7       6.3   -3.5479    1.8647    0.5336   -0.1300    0.3660    0.1212
    800       5.1       8.1   -6.6304   -0.6504   -0.3641   -0.1196    0.2496    0.0830
   1000       5.5       9.2   -2.6359    0.1785   -0.0014   -0.1107    0.3036    0.1006
   1200       6.7       8.9   -1.5568    0.8054    0.2296   -0.1031    0.1255    0.0414
   1400       6.9       9.4   -1.3244    1.0445    0.3128   -0.0946    0.1094    0.0361
   1600       5.2      10.0   -0.9697    0.8579    0.2577   -0.0846    0.1437    0.0474
   1800       9.9      13.1   -0.7260    0.7022    0.2119   -0.0679    0.1268    0.0419
   2000       5.7      11.4   -0.5514    0.5904    0.1784   -0.0598    0.1265    0.0417
   2200       8.2      10.8   -0.4278    0.5021    0.1536   -0.0529    0.1182    0.0389
   2400       8.5      13.8   -0.3896    0.3968    0.1198   -0.0422    0.0867    0.0285
   2600       6.2      10.7   -0.3316    0.4723    0.1471   -0.0364    0.0784    0.0256
   2800      11.7      17.0   -0.3089    0.4310    0.1349   -0.0251    0.0171    0.0053
   3000       6.9      13.1   -0.2833    0.5024    0.1597   -0.0203   -0.0028   -0.0014
   3200       9.3      13.5   -0.2779    0.4584    0.1464   -0.0146   -0.0353   -0.0122
   3400       9.8      16.3   -0.2734    0.4487    0.1441   -0.0109   -0.1132   -0.0382
   3600       8.6      11.9   -0.2749    0.4699    0.1519   -0.0083   -0.0982   -0.0332
   3800      11.7      18.6   -0.2717    0.6449    0.2103   -0.0048   -0.1706   -0.0573
   4000       8.6      14.5   -0.2783    0.6558    0.2145   -0.0020   -0.1727   -0.0580
   4200       9.7      14.0   -0.2791    0.7287    0.2388    0.0007   -0.1923   -0.0646
   4400      10.0      16.9   -0.2807    0.7200    0.2362    0.0002   -0.2363   -0.0792
   4600      10.5      14.1   -0.2927    0.6721    0.2208    0.0006   -0.2307   -0.0774
   4800      10.9      19.4   -0.2945    0.6757    0.2221    0.0002   -0.2778   -0.0931
   5000      10.8      15.1   -0.3088    0.6498    0.2139    0.0003   -0.2714   -0.0910
   5200      10.8      19.7   -0.3036    0.6359    0.2093   -0.0007   -0.3062   -0.1025
   5400      10.3      15.0   -0.3144    0.6143    0.2023   -0.0008   -0.3035   -0.1016
   5600      11.1      19.9   -0.3020    0.5510    0.1813   -0.0028   -0.3310   -0.1108
   5800       9.6      14.3   -0.3084    0.5639    0.1856   -0.0037   -0.3312   -0.1109
   5951       9.3      12.7   -0.3052    0.5371    0.1767   -0.0048   -0.3383   -0.1132

  ── Iteration  2 summary ──
    Earth:  mu_SE err=   0.5371%   a_E err=   0.1767%
    Moon:   mu_EM err=  -0.3383%   a_M err=  -0.1132%

  ══════ Iteration  3 /  5

  Joint fit: all observations, all parameters
  ──────────────────────────────────────────────────────────────────────────
   Obs#  winRMS_a" winRMS_z"  e_E_err%  muSE_err%  aE_err%   e_M_err%  muEM_err%  aM_err%
      1       1.7       2.4   -0.3052    0.5371    0.1767   -0.0048   -0.3383   -0.1132
    200       1.8       5.1    1.6695    2.1822    0.7621   -0.0931   -0.1861   -0.0607
    400       4.6       8.4    6.6994    2.0027    0.8203   -0.1320    0.4146    0.1380
    600       3.8       6.4   -3.4686    2.1438    0.6283   -0.1301    0.3639    0.1205
    800       5.0       8.1   -7.4340    4.5887    1.3382   -0.1262    0.2742    0.0912
   1000       5.7       9.4   -2.4892    3.9057    1.2269   -0.1151    0.3137    0.1039
   1200       6.8       9.0   -1.3987    3.3600    1.0732   -0.1058    0.1159    0.0381
   1400       7.0       9.4   -1.1063    3.2149    1.0315   -0.0969    0.1030    0.0339
   1600       5.2      10.1   -0.8304    3.4001    1.0969   -0.0874    0.1441    0.0475
   1800       9.8      13.1   -0.6816    3.4244    1.1085   -0.0709    0.1400    0.0462
   2000       5.7      11.3   -0.4982    3.6173    1.1756   -0.0632    0.1341    0.0442
   2200       8.3      11.0   -0.4080    3.6797    1.1997   -0.0565    0.1316    0.0433
   2400       8.4      13.7   -0.3880    3.7240    1.2148   -0.0460    0.1093    0.0359
   2600       6.1      10.4   -0.3527    3.6958    1.2068   -0.0408    0.0932    0.0305
   2800      11.7      17.0   -0.3347    3.5628    1.1650   -0.0289    0.0307    0.0097
   3000       6.8      12.9   -0.3181    3.5206    1.1522   -0.0240    0.0121    0.0035
   3200       9.4      13.7   -0.3146    3.4797    1.1396   -0.0185   -0.0233   -0.0083
   3400       9.6      16.1   -0.3095    3.4055    1.1161   -0.0146   -0.0965   -0.0326
   3600       8.6      11.7   -0.3084    3.5099    1.1507   -0.0122   -0.0834   -0.0283
   3800      11.7      18.6   -0.3117    3.5143    1.1528   -0.0082   -0.1572   -0.0529
   4000       8.6      14.5   -0.3147    3.6073    1.1835   -0.0055   -0.1579   -0.0531
   4200       9.7      14.4   -0.3167    3.6480    1.1970   -0.0023   -0.1797   -0.0604
   4400       9.9      16.9   -0.3229    3.6212    1.1887   -0.0022   -0.2231   -0.0749
   4600      10.3      14.0   -0.3335    3.6311    1.1923   -0.0015   -0.2182   -0.0732
   4800      11.0      19.6   -0.3365    3.5551    1.1678   -0.0013   -0.2658   -0.0891
   5000      10.7      15.0   -0.3496    3.5759    1.1749   -0.0010   -0.2595   -0.0870
   5200      11.0      20.1   -0.3465    3.4176    1.1234   -0.0011   -0.2950   -0.0988
   5400      10.3      15.0   -0.3555    3.3972    1.1170   -0.0011   -0.2919   -0.0978
   5600      11.3      20.5   -0.3430    3.3668    1.1069   -0.0026   -0.3207   -0.1074
   5800       9.7      14.5   -0.3487    3.3684    1.1076   -0.0034   -0.3207   -0.1074
   5951       9.3      13.1   -0.3455    3.3768    1.1103   -0.0042   -0.3284   -0.1100

  ── Iteration  3 summary ──
    Earth:  mu_SE err=   3.3768%   a_E err=   1.1103%
    Moon:   mu_EM err=  -0.3284%   a_M err=  -0.1100%

  ══════ Iteration  4 /  5

  Joint fit: all observations, all parameters
  ──────────────────────────────────────────────────────────────────────────
   Obs#  winRMS_a" winRMS_z"  e_E_err%  muSE_err%  aE_err%   e_M_err%  muEM_err%  aM_err%
      1       1.3       2.0   -0.3455    3.3768    1.1103   -0.0042   -0.3284   -0.1100
    200       1.8       5.1   -0.3525    3.0660    1.0037   -0.0731   -0.1872   -0.0601
    400       4.5       8.4    6.8432    3.9864    1.4733   -0.1331    0.4150    0.1381
    600       3.8       6.5   -3.0990    3.8468    1.1945   -0.1313    0.3630    0.1201
    800       5.2       8.3   -6.5907    1.1889    0.2478   -0.1197    0.2383    0.0792
   1000       5.7       9.3   -2.4582    2.0184    0.6117   -0.1115    0.2999    0.0993
   1200       6.8       9.0   -1.3660    2.6736    0.8506   -0.1045    0.1262    0.0416
   1400       6.9       9.4   -1.0706    2.8258    0.9064   -0.0954    0.1097    0.0361
   1600       5.1      10.0   -0.7861    2.6124    0.8418   -0.0854    0.1458    0.0480
   1800       9.9      13.1   -0.6563    2.5467    0.8231   -0.0689    0.1422    0.0469
   2000       5.7      11.4   -0.5215    2.3696    0.7673   -0.0614    0.1345    0.0443
   2200       8.2      10.9   -0.4269    2.2631    0.7361   -0.0546    0.1264    0.0416
   2400       8.4      13.7   -0.4042    2.1526    0.7004   -0.0443    0.0942    0.0309
   2600       6.2      10.6   -0.3520    2.3379    0.7627   -0.0390    0.0849    0.0278
   2800      11.6      16.9   -0.3321    2.3539    0.7691   -0.0280    0.0206    0.0064
   3000       6.9      13.0   -0.3108    2.3460    0.7683   -0.0224    0.0042    0.0009
   3200       9.3      13.6   -0.3062    2.2458    0.7365   -0.0167   -0.0298   -0.0104
   3400       9.6      16.2   -0.3035    2.1721    0.7133   -0.0128   -0.1046   -0.0354
   3600       8.6      11.8   -0.3031    2.2199    0.7295   -0.0103   -0.0907   -0.0307
   3800      11.7      18.5   -0.3030    2.3257    0.7647   -0.0066   -0.1632   -0.0549
   4000       8.6      14.5   -0.3078    2.4356    0.8013   -0.0037   -0.1632   -0.0549
   4200       9.7      14.2   -0.3112    2.4704    0.8130   -0.0005   -0.1835   -0.0616
   4400       9.9      16.8   -0.3170    2.4768    0.8154   -0.0006   -0.2267   -0.0760
   4600      10.3      14.0   -0.3264    2.4683    0.8130   -0.0001   -0.2216   -0.0744
   4800      10.9      19.5   -0.3282    2.4154    0.7958   -0.0004   -0.2696   -0.0903
   5000      10.7      14.9   -0.3406    2.3916    0.7883   -0.0001   -0.2633   -0.0883
   5200      10.9      19.9   -0.3339    2.4456    0.8059   -0.0009   -0.2986   -0.1000
   5400      10.3      15.0   -0.3440    2.4569    0.8098   -0.0009   -0.2957   -0.0990
   5600      11.2      20.3   -0.3315    2.3495    0.7745   -0.0026   -0.3249   -0.1088
   5800       9.7      14.4   -0.3368    2.3137    0.7629   -0.0035   -0.3250   -0.1088
   5951       9.3      13.0   -0.3344    2.3528    0.7756   -0.0044   -0.3324   -0.1113

  ── Iteration  4 summary ──
    Earth:  mu_SE err=   2.3528%   a_E err=   0.7756%
    Moon:   mu_EM err=  -0.3324%   a_M err=  -0.1113%

  ══════ Iteration  5 /  5

  Joint fit: all observations, all parameters
  ──────────────────────────────────────────────────────────────────────────
   Obs#  winRMS_a" winRMS_z"  e_E_err%  muSE_err%  aE_err%   e_M_err%  muEM_err%  aM_err%
      1       1.8       2.6   -0.3344    2.3528    0.7756   -0.0044   -0.3324   -0.1113
    200       1.8       5.1   -1.4159    2.1805    0.6873   -0.0634   -0.1873   -0.0597
    400       4.5       8.4    5.9798    2.4165    0.9398   -0.1329    0.4182    0.1392
    600       3.7       6.4   -3.4125    1.6817    0.4778   -0.1300    0.3645    0.1207
    800       5.0       8.1   -7.0308   -0.9807   -0.4842   -0.1213    0.2670    0.0888
   1000       5.6       9.3   -2.4149   -0.0621   -0.0765   -0.1110    0.3062    0.1014
   1200       6.7       8.9   -1.3013    0.4825    0.1290   -0.1027    0.1307    0.0431
   1400       6.9       9.4   -1.0506    0.6668    0.1948   -0.0935    0.1039    0.0342
   1600       5.2      10.0   -0.7837    0.5715    0.1681   -0.0833    0.1442    0.0475
   1800       9.8      13.1   -0.6186    0.5414    0.1623   -0.0666    0.1307    0.0431
   2000       5.7      11.3   -0.4496    0.4176    0.1247   -0.0584    0.1272    0.0419
   2200       8.1      10.7   -0.3477    0.3348    0.1012   -0.0515    0.1219    0.0401
   2400       8.5      13.8   -0.3383    0.1842    0.0509   -0.0411    0.0904    0.0297
   2600       6.1      10.5   -0.3053    0.2066    0.0592   -0.0361    0.0804    0.0263
   2800      11.7      16.9   -0.2918    0.1210    0.0315   -0.0252    0.0177    0.0055
   3000       6.9      13.0   -0.2700    0.1724    0.0505   -0.0198   -0.0026   -0.0013
   3200       9.3      13.4   -0.2657    0.1831    0.0550   -0.0143   -0.0347   -0.0120
   3400       9.8      16.4   -0.2556    0.2221    0.0684   -0.0112   -0.1138   -0.0384
   3600       8.7      11.9   -0.2547    0.2791    0.0880   -0.0087   -0.0991   -0.0335
   3800      11.6      18.4   -0.2490    0.5379    0.1743   -0.0056   -0.1743   -0.0585
   4000       8.8      14.7   -0.2568    0.5480    0.1783   -0.0026   -0.1747   -0.0587
   4200       9.6      13.9   -0.2608    0.5593    0.1823    0.0001   -0.1935   -0.0649
   4400       9.9      16.8   -0.2706    0.4667    0.1522    0.0002   -0.2370   -0.0794
   4600      10.4      14.1   -0.2830    0.4157    0.1357    0.0005   -0.2310   -0.0775
   4800      10.9      19.4   -0.2811    0.4802    0.1571   -0.0001   -0.2769   -0.0928
   5000      10.8      15.1   -0.2963    0.4369    0.1431    0.0001   -0.2710   -0.0908
   5200      10.8      19.6   -0.2931    0.4556    0.1494   -0.0008   -0.3050   -0.1021
   5400      10.4      15.0   -0.3045    0.4400    0.1444   -0.0010   -0.3027   -0.1014
   5600      11.1      19.8   -0.2932    0.3846    0.1259   -0.0028   -0.3311   -0.1108
   5800       9.7      14.3   -0.3000    0.3841    0.1259   -0.0037   -0.3313   -0.1109
   5951       9.3      12.7   -0.2973    0.3678    0.1204   -0.0048   -0.3384   -0.1133

  ── Iteration  5 summary ──
    Earth:  mu_SE err=   0.3678%   a_E err=   0.1204%
    Moon:   mu_EM err=  -0.3384%   a_M err=  -0.1133%

════════════════════════════════════════════════════════
  FINAL ESTIMATES
════════════════════════════════════════════════════════
  ── Earth orbit ──
  Parameter   Estimated         True            Error
  ─────────────────────────────────────────────────────
  e_E       0.01749525      0.01754742     -0.2973%
  i_E       23.43625 deg    23.43639 deg   -0.0001 deg
  Om_E     359.99836 deg   359.99834 deg    0.0000 deg
  w_E      103.32792 deg   103.24898 deg    0.0789 deg
  M0_E     357.54825 deg   357.62352 deg   -0.0753 deg
  mu_SE     1.332009023088E+11
  mu_true   1.327128386417E+11  err:   0.3678%
  a_E      149912290.0 km  true:  149731983.2 km  err:   0.1204%

  ── Moon orbit ──
  Parameter   Estimated         True            Error
  ─────────────────────────────────────────────────────
  e_M       0.03943265      0.03943456     -0.0048%
  i_M       28.44638 deg    28.44580 deg    0.0006 deg
  Om_M       0.08538 deg     0.08623 deg   -0.0008 deg
  w_M        7.49536 deg     7.51659 deg   -0.0212 deg
  M0_M     294.28099 deg   294.25426 deg    0.0267 deg
  mu_EM     4.021377124802E+05
  mu_true   4.035032355731E+05  err:  -0.3384%
  a_M         386010.5 km  true:     386448.2 km  err:  -0.1133%

  ── Derived masses ──
  GM_sun   =    1.332005E+11  (true:    1.327124E+11)  err:   0.3678%
  GM_earth =    3.972349E+05  (true:    3.986004E+05)  err:  -0.3426%
  GM_moon  =    4.902800E+03  (fixed)

  ── Orbital periods ──
    Earth period =      365.737 days
    (true)       =      365.748 days
    Moon period  =       27.503 days
    (true)       =       27.503 days

  1-sigma uncertainties (from covariance):
  ── Earth ──
    sigma_e_E   =  8.760E-07
    sigma_i_E   =   0.0001 deg
    sigma_Om_E  =   0.0002 deg
    sigma_w_E   =   0.0017 deg
    sigma_M0_E  =   0.0018 deg
    sigma_mu_SE =  2.781E+07  ( 0.02088%)
    sigma_a_E   =  1.043E+04  ( 0.00696%)
  ── Moon ──
    sigma_e_M   =  4.275E-07
    sigma_i_M   =   0.0001 deg
    sigma_Om_M  =   0.0001 deg
    sigma_w_M   =   0.0009 deg
    sigma_M0_M  =   0.0009 deg
    sigma_mu_EM =  8.518E+00  ( 0.00212%)
    sigma_a_M   =  2.725E+00  ( 0.00071%)

  Correlation matrix:
            e_E     i_E     Om_E    w_E     M0_E    muSE    a_E     e_M     i_M     Om_M    w_M     M0_M    muEM    a_M  
  e_E    1.0000  0.0416  0.0041 -0.0363 -0.0270 -0.1630 -0.1687 -0.2147 -0.0106  0.0127 -0.0558  0.0584 -0.0172 -0.0161
  i_E    0.0416  1.0000  0.0002 -0.0105  0.0084 -0.0094 -0.0095 -0.0045  0.0462 -0.1506  0.0131  0.0085  0.0001  0.0003
  Om_E   0.0041  0.0002  1.0000 -0.0970  0.0063  0.0117  0.0116 -0.0075  0.1640 -0.0064  0.0046 -0.0048 -0.0418 -0.0418
  w_E   -0.0363 -0.0105 -0.0970  1.0000 -0.9925 -0.2260 -0.2254 -0.0703 -0.0372  0.0056  0.0365 -0.0373 -0.0562 -0.0583
  M0_E  -0.0270  0.0084  0.0063 -0.9925  1.0000  0.2292  0.2291  0.0905  0.0228 -0.0069 -0.0339  0.0349  0.0597  0.0618
  muSE  -0.1630 -0.0094  0.0117 -0.2260  0.2292  1.0000  1.0000  0.0519  0.0099  0.0108 -0.0226  0.0218  0.0346  0.0345
  a_E   -0.1687 -0.0095  0.0116 -0.2254  0.2291  1.0000  1.0000  0.0535  0.0099  0.0106 -0.0222  0.0215  0.0343  0.0343
  e_M   -0.2147 -0.0045 -0.0075 -0.0703  0.0905  0.0519  0.0535  1.0000 -0.0024 -0.0089 -0.0190 -0.0054  0.0372  0.0383
  i_M   -0.0106  0.0462  0.1640 -0.0372  0.0228  0.0099  0.0099 -0.0024  1.0000 -0.0385  0.0324 -0.0111  0.3475  0.3473
  Om_M   0.0127 -0.1506 -0.0064  0.0056 -0.0069  0.0108  0.0106 -0.0089 -0.0385  1.0000 -0.1442  0.0022  0.0297  0.0296
  w_M   -0.0558  0.0131  0.0046  0.0365 -0.0339 -0.0226 -0.0222 -0.0190  0.0324 -0.1442  1.0000 -0.9851  0.1241  0.1261
  M0_M   0.0584  0.0085 -0.0048 -0.0373  0.0349  0.0218  0.0215 -0.0054 -0.0111  0.0022 -0.9851  1.0000 -0.0861 -0.0881
  muEM  -0.0172  0.0001 -0.0418 -0.0562  0.0597  0.0346  0.0343  0.0372  0.3475  0.0297  0.1241 -0.0861  1.0000  1.0000
  a_M   -0.0161  0.0003 -0.0418 -0.0583  0.0618  0.0345  0.0343  0.0383  0.3473  0.0296  0.1261 -0.0881  1.0000  1.0000

  Note: "True" elements are osculating at epoch.
  The EKF estimates best-fit MEAN elements over the arc.
  Moon elements change significantly over the year due to
  solar perturbations (node regression, apsidal precession).
════════════════════════════════════════════════════════
