════════════════════════════════════════════════════════
  2-Body Sun-Earth EKF (N-body propagation)
  Observer: lat= 40.0000 lon=  0.0000
════════════════════════════════════════════════════════
  Loaded   2934 Sun observations
  Round-trip error:  1.014E-06 km

  True Keplerian elements (J2000 equatorial):
    e     =   0.01754742
    i     =   23.43639 deg (obliquity)
    Omega =  359.99834 deg
    omega =  103.24898 deg
    M0    =  357.62352 deg
    mu    =   1.327128386417E+11 km^3/s^2
    a     =  149731983.2 km

  Perturbed initial guess:
    e     =   0.02105690  (  20.0%)
    i     =   25.43639 deg  (delta   2.00 deg)
    Omega =  364.99834 deg  (delta   5.00 deg)
    omega =  108.24898 deg  (delta   5.00 deg)
    M0    =  360.62352 deg  (delta   3.00 deg)
    mu    =   1.333764028349E+11  ( 0.500%)
    a     =  149731983.2 km (correct)

  Running EKF...
  ──────────────────────────────────────────────────────────────────────────
   Obs#  cumRMSa" cumRMSz"  winRMSa"  winRMSz"  e_err%   i_err(d) mu_err%  a_err%
      1   36838.0   28450.4   36838.0   28450.4  19.9856   0.31096   0.500   0.000
    200    2605.2    2012.5      44.7      54.5  24.5637  -0.00044   0.261   0.701
    400    1842.2    1423.2      22.9      32.8  10.0791   0.00238   0.360   0.386
    600    1504.3    1162.2      25.4      33.0  -1.7505   0.00281   0.459   0.131
    800    1302.8    1006.6      26.5      27.0  -4.0107   0.00221   0.523   0.088
   1000    1165.3     900.4      27.6      27.4  -4.3850   0.00150   0.566   0.089
   1200    1063.9     822.0      30.3      25.6  -4.4222   0.00070   0.526   0.072
   1400     985.0     761.1      32.6      23.6  -4.4762  -0.00030   0.796   0.161
   1600     921.5     712.0      34.6      25.0  -4.4758  -0.00139   0.616   0.097
   1800     868.9     671.3      35.6      23.8  -4.4757  -0.00230   0.575   0.085
   2000     824.3     636.9      35.6      23.3  -4.5318  -0.00279   0.903   0.197
   2200     786.1     607.3      36.6      24.3  -4.5742  -0.00289   1.784   0.490
   2400     752.7     581.5      35.6      24.4  -4.6080  -0.00266   2.077   0.588
   2600     723.2     558.8      38.3      31.0  -4.7670  -0.00205   1.845   0.515
   2800     697.0     538.5      38.1      25.5  -4.8727  -0.00129   1.389   0.367
   2934     680.9     526.1      28.4      19.0  -4.8928  -0.00086   1.280   0.331

════════════════════════════════════════════════════════
  FINAL ESTIMATES
════════════════════════════════════════════════════════
  Parameter   Estimated         True            Error
  ─────────────────────────────────────────────────────
  e         0.01668885      0.01754742     -4.8928%
  i         23.43553 deg    23.43639 deg   -0.0009 deg
  Omega      0.00367 deg   359.99834 deg    0.0053 deg
  omega    103.09305 deg   103.24898 deg   -0.1559 deg
  M0       357.75294 deg   357.62352 deg    0.1294 deg
  mu        1.344110146398E+11
  mu_true   1.327128386417E+11  err:   1.2796%
  a        150227911.3 km  true:  149731983.2 km  err:   0.3312%

  Derived quantities:
    Obliquity  =   23.43553 deg  (true:   23.43639 deg)
    Period     =      365.237 days
    (true)     =      365.748 days

  1-sigma uncertainties (from covariance):
    sigma_e     =  5.314E-06
    sigma_i     =   0.0004 deg
    sigma_Omega =   0.0010 deg
    sigma_omega =   0.0137 deg
    sigma_M0    =   0.0134 deg
    sigma_mu    =  1.554E+08  ( 0.11559%)
    sigma_a     =  5.769E+04  ( 0.03840%)

  Correlation matrix:
            e       i       Omega   omega   M0      mu      a    
  e      1.0000  0.0477  0.0040  0.0405 -0.0831 -0.2073 -0.2134
  i      0.0477  1.0000  0.0002  0.0146 -0.0155 -0.0361 -0.0363
  Omega  0.0040  0.0002  1.0000 -0.0784  0.0086  0.0042  0.0041
  omega  0.0405  0.0146 -0.0784  1.0000 -0.9953 -0.6717 -0.6707
  M0    -0.0831 -0.0155  0.0086 -0.9953  1.0000  0.6570  0.6564
  mu    -0.2073 -0.0361  0.0042 -0.6717  0.6570  1.0000  1.0000
  a     -0.2134 -0.0363  0.0041 -0.6707  0.6564  1.0000  1.0000

  Note: "True" elements are osculating at epoch. The EKF
  estimates best-fit MEAN elements over the full arc.
  The e difference (~5%) is expected: planetary perturbations
  make the osculating e vary over the year.
════════════════════════════════════════════════════════
